[2026-09-14 13:58:42] === INICIO STOCK ===
[2026-09-14 13:58:43] [WATCHER] Baseline Temp\tresc (antes de navegar): 0 archivo(s)
[2026-09-14 13:58:43] Ventana '3C' detectada y activada
[2026-09-14 13:58:43] Resync: enviando Ctrl+Home
[2026-09-14 13:58:43] Click en StockAlmacenes (888,189)
[2026-09-14 13:58:44] Click en StockInformes (921,370)
[2026-09-14 13:58:44] Click en StockExistencias (1105,401)
[2026-09-14 13:58:45] Click en StockDepositos (704,476)
[2026-09-14 13:58:45] Click en StockSeleccionarTodos (962,858)
[2026-09-14 13:58:46] Click en StockConsulta (440,341)
[2026-09-14 13:58:46] Click en StockAceptar (1196,902)
[2026-09-14 13:58:48] Click en StockExcel (940,575)
[2026-09-14 13:58:53] Exportación completada. Esperando Excel...
[2026-09-14 13:58:53] Esperando Excel (timeout: 30s)...
[2026-09-14 13:58:58] Excel detectado correctamente
[2026-09-14 13:58:58] [WATCHER] Directorio: C:\Users\Cesar\AppData\Local\Temp\tresc  [commandId=92580c72-6060-421c-bb1b-1c7c6fc0a907 module=stock]
[2026-09-14 13:58:58] [WATCHER] Archivo NUEVO detectado: C:\Users\Cesar\AppData\Local\Temp\tresc\tresc8426025100180286213.xls (mtime 20260914135857)
[2026-09-14 13:59:00] [WATCHER] Tamano estable: 994304 bytes
[2026-09-14 13:59:00] [OK] Copiado y verificado en exports: C:\Users\Cesar\Desktop\operario-control\automation\..\automation-watcher\3c_exports\tresc8426025100180286213.xls (994304 bytes)
[2026-09-14 13:59:00] [WARN] No se pudo eliminar el original (se deja, no afecta): C:\Users\Cesar\AppData\Local\Temp\tresc\tresc8426025100180286213.xls
[2026-09-14 13:59:00] [WATCHER] Manifiesto escrito (OK): C:\Users\Cesar\Desktop\operario-control\automation\..\automation-watcher\3c_exports\_last_export.json
[2026-09-14 13:59:01] Click en StockSalir (946,250)
[2026-09-14 13:59:02] [NAV] Main menu restored
[2026-09-14 13:59:02] === FIN STOCK ===
[2026-09-14 13:59:12] === INICIO ARTICULOS ===
[2026-09-14 13:59:13] Ventana '3C' detectada y activada
[2026-09-14 13:59:13] Resync: enviando Ctrl+Home
[2026-09-14 13:59:13] Click en ServiciosArt (1145,186)
[2026-09-14 13:59:14] Click en ArticulosMenu (1181,219)
[2026-09-14 13:59:15] Click en ArticulosLista (1288,220)
[2026-09-14 13:59:16] Click en ImprimirArt (898,253)
[2026-09-14 13:59:18] Click en Generar (948,761)
[2026-09-14 13:59:18] Click en ExcelArt (951,574)
[2026-09-14 13:59:23] Exportacion de articulos completada. Esperando Excel...
[2026-09-14 13:59:23] Esperando Excel (timeout: 30s)...
[2026-09-14 13:59:23] Excel detectado correctamente
[2026-09-14 13:59:23] [WATCHER] Directorio: C:\Users\Cesar\AppData\Local\Temp\tresc  [commandId=d1941298-5760-42c4-b3a8-311a579f332d module=articulos]
[2026-09-14 13:59:23] [WATCHER] Archivo NUEVO detectado: C:\Users\Cesar\AppData\Local\Temp\tresc\tresc2520803392599575340.xls (mtime 20260914135923)
[2026-09-14 13:59:25] [WATCHER] Tamano estable: 1857536 bytes
[2026-09-14 13:59:25] [OK] Copiado y verificado en exports: C:\Users\Cesar\Desktop\operario-control\automation\..\automation-watcher\3c_exports\tresc2520803392599575340.xls (1857536 bytes)
[2026-09-14 13:59:25] [WARN] No se pudo eliminar el original (se deja, no afecta): C:\Users\Cesar\AppData\Local\Temp\tresc\tresc2520803392599575340.xls
[2026-09-14 13:59:25] [WATCHER] Manifiesto escrito (OK): C:\Users\Cesar\Desktop\operario-control\automation\..\automation-watcher\3c_exports\_last_export.json
[2026-09-14 13:59:26] Click en SalirArt2 (949,762)
[2026-09-14 13:59:27] Click en SalirArt (944,253)
[2026-09-14 13:59:28] [NAV] Main menu restored (Articulos)
[2026-09-14 13:59:28] === FIN ARTICULOS ===
[2026-09-14 13:59:37] === INICIO ALQUILERES ===
[2026-09-14 13:59:38] [WATCHER] Baseline Temp\tresc (antes de navegar): 2 archivo(s)
[2026-09-14 13:59:39] Ventana '3C' detectada y activada
[2026-09-14 13:59:39] Resync: enviando Ctrl+Home
[2026-09-14 13:59:39] Click en VentasAlq (416,188)
[2026-09-14 13:59:39] Click en InformesAlq (568,500)
[2026-09-14 13:59:40] Click en Remitos (783,530)
[2026-09-14 13:59:42] Click en AlquileresPendientes (944,555)
[2026-09-14 13:59:43] Click en AceptarAlq (535,597)
[2026-09-14 13:59:50] [DIAG-PRE] Antes de ExportarExcel: ventana=3C-Informatica - Una nueva generación en Software
[2026-09-14 13:59:50] Click en ExcelFormatAlq (949,575)
[2026-09-14 13:59:55] [DIAG] Ventana activa tras ExportarExcel: class=XLMAIN title=tresc7036885030212501206  [Modo de compatibilidad] - Excel
[2026-09-14 13:59:55] [DIAG] Se abrió una ventana de EXCEL (XLMAIN)
[2026-09-14 13:59:55] [DIAG] Archivos en Temp\tresc ahora: 3
[2026-09-14 13:59:55] Exportación de alquileres completada. Esperando Excel...
[2026-09-14 13:59:55] Esperando Excel (timeout: 30s)...
[2026-09-14 13:59:55] Excel detectado correctamente
[2026-09-14 13:59:55] [WATCHER] Directorio: C:\Users\Cesar\AppData\Local\Temp\tresc  [commandId=802031eb-975f-4acb-8c0d-042c32c119a0 module=alquileres]
[2026-09-14 13:59:55] [WATCHER] Archivo NUEVO detectado: C:\Users\Cesar\AppData\Local\Temp\tresc\tresc7036885030212501206.xls (mtime 20260914135953)
[2026-09-14 13:59:57] [WATCHER] Tamano estable: 64000 bytes
[2026-09-14 13:59:57] [OK] Copiado y verificado en exports: C:\Users\Cesar\Desktop\operario-control\automation\..\automation-watcher\3c_exports\tresc7036885030212501206.xls (64000 bytes)
[2026-09-14 13:59:57] [WARN] No se pudo eliminar el original (se deja, no afecta): C:\Users\Cesar\AppData\Local\Temp\tresc\tresc7036885030212501206.xls
[2026-09-14 13:59:57] [WATCHER] Manifiesto escrito (OK): C:\Users\Cesar\Desktop\operario-control\automation\..\automation-watcher\3c_exports\_last_export.json
[2026-09-14 13:59:58] Click en SalirAlq2 (956,758)
[2026-09-14 13:59:59] Click en SalirAlq (945,248)
[2026-09-14 14:00:00] [NAV] Main menu restored (Alquileres)
[2026-09-14 14:00:00] === FIN ALQUILERES ===
[2026-09-14 14:00:09] === INICIO REPARACIONES ===
[2026-09-14 14:00:10] [WATCHER] Baseline Temp\tresc (antes de navegar): 3 archivo(s)
[2026-09-14 14:00:10] Ventana '3C' detectada y activada
[2026-09-14 14:00:10] Resync: enviando Ctrl+Home
[2026-09-14 14:00:10] Click en RepVentas (407,188)
[2026-09-14 14:00:11] Click en RepReparaciones (429,349)
[2026-09-14 14:00:11] Click en RepFechaIni (967,391)
[2026-09-14 14:00:12] Click en RepActualizar (421,394)
[2026-09-14 14:00:13] Click en RepPrintAll (1451,828)
[2026-09-14 14:00:13] Click en RepImprimir (895,253)
[2026-09-14 14:00:14] Click en RepExcelFormat (941,577)
[2026-09-14 14:00:19] Exportación de reparaciones completada. Esperando Excel...
[2026-09-14 14:00:19] Esperando Excel (timeout: 30s)...
[2026-09-14 14:00:19] Excel detectado correctamente
[2026-09-14 14:00:19] [WATCHER] Directorio: C:\Users\Cesar\AppData\Local\Temp\tresc  [commandId=df100295-ac70-4f6b-9991-c997b2540f49 module=reparaciones]
[2026-09-14 14:00:19] [WATCHER] Archivo NUEVO detectado: C:\Users\Cesar\AppData\Local\Temp\tresc\tresc920849501618495323.xls (mtime 20260914140017)
[2026-09-14 14:00:20] [WATCHER] Tamano estable: 479232 bytes
[2026-09-14 14:00:20] [OK] Copiado y verificado en exports: C:\Users\Cesar\Desktop\operario-control\automation\..\automation-watcher\3c_exports\tresc920849501618495323.xls (479232 bytes)
[2026-09-14 14:00:20] [WARN] No se pudo eliminar el original (se deja, no afecta): C:\Users\Cesar\AppData\Local\Temp\tresc\tresc920849501618495323.xls
[2026-09-14 14:00:20] [WATCHER] Manifiesto escrito (OK): C:\Users\Cesar\Desktop\operario-control\automation\..\automation-watcher\3c_exports\_last_export.json
[2026-09-14 14:00:22] Click en RepSalirRep (944,257)
[2026-09-14 14:00:23] [NAV] Main menu restored (Reparaciones)
[2026-09-14 14:00:23] === FIN REPARACIONES ===
[2026-09-14 14:00:35] === INICIO REPARACIONES FACTURADAS ===
[2026-09-14 14:00:36] [WATCHER] Baseline Temp\tresc (antes de navegar): 4 archivo(s)
[2026-09-14 14:00:37] Ventana '3C' detectada y activada
[2026-09-14 14:00:37] Resync: enviando Ctrl+Home
[2026-09-14 14:00:37] Click en RepFactVentas (418,186)
[2026-09-14 14:00:38] Click en RepFactInformes (481,496)
[2026-09-14 14:00:38] Click en RepFactOrdenRep (790,575)
[2026-09-14 14:00:39] Click en RepFactFacturadas (952,608)
[2026-09-14 14:00:39] Click en RepFactDesde (632,437)
[2026-09-14 14:00:40] Click en RepFactOrdenSeleccion (685,628)
[2026-09-14 14:00:41] Click en RepFactAceptar (753,789)
[2026-09-14 14:00:43] Click en RepFactExcelFormat (949,576)
[2026-09-14 14:00:48] Exportación de reparaciones facturadas completada. Esperando Excel...
[2026-09-14 14:00:48] Esperando Excel (timeout: 30s)...
[2026-09-14 14:00:48] Excel detectado correctamente
[2026-09-14 14:00:48] [WATCHER] Directorio: C:\Users\Cesar\AppData\Local\Temp\tresc  [commandId=14cc1ce6-d8cb-41bd-b4a7-405c7a77ce91 module=reparaciones_facturadas]
[2026-09-14 14:00:48] [WATCHER] Archivo NUEVO detectado: C:\Users\Cesar\AppData\Local\Temp\tresc\tresc5936086940860469623.xls (mtime 20260914140046)
[2026-09-14 14:00:49] [WATCHER] Tamano estable: 1195008 bytes
[2026-09-14 14:00:49] [OK] Copiado y verificado en exports: C:\Users\Cesar\Desktop\operario-control\automation\..\automation-watcher\3c_exports\tresc5936086940860469623.xls (1195008 bytes)
[2026-09-14 14:00:49] [WARN] No se pudo eliminar el original (se deja, no afecta): C:\Users\Cesar\AppData\Local\Temp\tresc\tresc5936086940860469623.xls
[2026-09-14 14:00:49] [WATCHER] Manifiesto escrito (OK): C:\Users\Cesar\Desktop\operario-control\automation\..\automation-watcher\3c_exports\_last_export.json
[2026-09-14 14:00:51] Click en RepFactSalir (950,254)
[2026-09-14 14:00:52] [NAV] Main menu restored (Reparaciones Facturadas)
[2026-09-14 14:00:52] === FIN REPARACIONES FACTURADAS ===
[2026-09-14 14:08:23] === INICIO STOCK ===
[2026-09-14 14:08:24] [WATCHER] Baseline Temp\tresc (antes de navegar): 0 archivo(s)
[2026-09-14 14:08:24] Ventana '3C' detectada y activada
[2026-09-14 14:08:24] Resync: enviando Ctrl+Home
[2026-09-14 14:08:25] Click en StockAlmacenes (888,189)
[2026-09-14 14:08:25] Click en StockInformes (921,370)
[2026-09-14 14:08:26] Click en StockExistencias (1105,401)
[2026-09-14 14:08:26] Click en StockDepositos (704,476)
[2026-09-14 14:08:27] Click en StockSeleccionarTodos (962,858)
[2026-09-14 14:08:27] Click en StockConsulta (440,341)
[2026-09-14 14:08:28] Click en StockAceptar (1196,902)
[2026-09-14 14:08:30] Click en StockExcel (940,575)
[2026-09-14 14:08:35] Exportación completada. Esperando Excel...
[2026-09-14 14:08:35] Esperando Excel (timeout: 30s)...
[2026-09-14 14:08:42] Excel detectado correctamente
[2026-09-14 14:08:42] [WATCHER] Directorio: C:\Users\Cesar\AppData\Local\Temp\tresc  [commandId=7ffb3b6f-4679-4185-afcf-b5ec86a3f0e0 module=stock]
[2026-09-14 14:08:42] [WATCHER] Archivo NUEVO detectado: C:\Users\Cesar\AppData\Local\Temp\tresc\tresc435759399090739235.xls (mtime 20260914140841)
[2026-09-14 14:08:43] [WATCHER] Tamano estable: 994304 bytes
[2026-09-14 14:08:43] [OK] Copiado y verificado en exports: C:\Users\Cesar\Desktop\operario-control\automation\..\automation-watcher\3c_exports\tresc435759399090739235.xls (994304 bytes)
[2026-09-14 14:08:43] [WARN] No se pudo eliminar el original (se deja, no afecta): C:\Users\Cesar\AppData\Local\Temp\tresc\tresc435759399090739235.xls
[2026-09-14 14:08:43] [WATCHER] Manifiesto escrito (OK): C:\Users\Cesar\Desktop\operario-control\automation\..\automation-watcher\3c_exports\_last_export.json
[2026-09-14 14:08:45] Click en StockSalir (946,250)
[2026-09-14 14:08:46] [NAV] Main menu restored
[2026-09-14 14:08:46] === FIN STOCK ===
[2026-09-14 14:08:56] === INICIO ARTICULOS ===
[2026-09-14 14:08:57] Ventana '3C' detectada y activada
[2026-09-14 14:08:57] Resync: enviando Ctrl+Home
[2026-09-14 14:08:57] Click en ServiciosArt (1145,186)
[2026-09-14 14:08:58] Click en ArticulosMenu (1181,219)
[2026-09-14 14:08:59] Click en ArticulosLista (1288,220)
[2026-09-14 14:09:00] Click en ImprimirArt (898,253)
[2026-09-14 14:09:02] Click en Generar (948,761)
[2026-09-14 14:09:02] Click en ExcelArt (951,574)
[2026-09-14 14:09:08] Exportacion de articulos completada. Esperando Excel...
[2026-09-14 14:09:08] Esperando Excel (timeout: 30s)...
[2026-09-14 14:09:10] Excel detectado correctamente
[2026-09-14 14:09:10] [WATCHER] Directorio: C:\Users\Cesar\AppData\Local\Temp\tresc  [commandId=e7e14b09-6c65-4c94-a3a6-9ec34c49a4c7 module=articulos]
[2026-09-14 14:09:10] [WATCHER] Archivo NUEVO detectado: C:\Users\Cesar\AppData\Local\Temp\tresc\tresc9120936826009254879.xls (mtime 20260914140908)
[2026-09-14 14:09:11] [WATCHER] Tamano estable: 1857536 bytes
[2026-09-14 14:09:11] [OK] Copiado y verificado en exports: C:\Users\Cesar\Desktop\operario-control\automation\..\automation-watcher\3c_exports\tresc9120936826009254879.xls (1857536 bytes)
[2026-09-14 14:09:11] [WARN] No se pudo eliminar el original (se deja, no afecta): C:\Users\Cesar\AppData\Local\Temp\tresc\tresc9120936826009254879.xls
[2026-09-14 14:09:11] [WATCHER] Manifiesto escrito (OK): C:\Users\Cesar\Desktop\operario-control\automation\..\automation-watcher\3c_exports\_last_export.json
[2026-09-14 14:09:12] Click en SalirArt2 (949,762)
[2026-09-14 14:09:13] Click en SalirArt (944,253)
[2026-09-14 14:09:14] [NAV] Main menu restored (Articulos)
[2026-09-14 14:09:14] === FIN ARTICULOS ===
[2026-09-14 14:09:24] === INICIO ALQUILERES ===
[2026-09-14 14:09:25] [WATCHER] Baseline Temp\tresc (antes de navegar): 2 archivo(s)
[2026-09-14 14:09:26] Ventana '3C' detectada y activada
[2026-09-14 14:09:26] Resync: enviando Ctrl+Home
[2026-09-14 14:09:26] Click en VentasAlq (416,188)
[2026-09-14 14:09:26] Click en InformesAlq (568,500)
[2026-09-14 14:09:27] Click en Remitos (783,530)
[2026-09-14 14:09:29] Click en AlquileresPendientes (944,555)
[2026-09-14 14:09:30] Click en AceptarAlq (535,597)
[2026-09-14 14:09:37] [DIAG-PRE] Antes de ExportarExcel: ventana=3C-Informatica - Una nueva generación en Software
[2026-09-14 14:09:37] Click en ExcelFormatAlq (949,575)
[2026-09-14 14:09:42] [DIAG] Ventana activa tras ExportarExcel: class=XLMAIN title=tresc4054359752893095773  [Modo de compatibilidad] - Excel
[2026-09-14 14:09:42] [DIAG] Se abrió una ventana de EXCEL (XLMAIN)
[2026-09-14 14:09:42] [DIAG] Archivos en Temp\tresc ahora: 3
[2026-09-14 14:09:42] Exportación de alquileres completada. Esperando Excel...
[2026-09-14 14:09:42] Esperando Excel (timeout: 30s)...
[2026-09-14 14:09:42] Excel detectado correctamente
[2026-09-14 14:09:42] [WATCHER] Directorio: C:\Users\Cesar\AppData\Local\Temp\tresc  [commandId=023961d2-2fa3-4c70-928f-b5d3b4fee490 module=alquileres]
[2026-09-14 14:09:42] [WATCHER] Archivo NUEVO detectado: C:\Users\Cesar\AppData\Local\Temp\tresc\tresc4054359752893095773.xls (mtime 20260914140941)
[2026-09-14 14:09:44] [WATCHER] Tamano estable: 65536 bytes
[2026-09-14 14:09:44] [OK] Copiado y verificado en exports: C:\Users\Cesar\Desktop\operario-control\automation\..\automation-watcher\3c_exports\tresc4054359752893095773.xls (65536 bytes)
[2026-09-14 14:09:44] [WARN] No se pudo eliminar el original (se deja, no afecta): C:\Users\Cesar\AppData\Local\Temp\tresc\tresc4054359752893095773.xls
[2026-09-14 14:09:44] [WATCHER] Manifiesto escrito (OK): C:\Users\Cesar\Desktop\operario-control\automation\..\automation-watcher\3c_exports\_last_export.json
[2026-09-14 14:09:45] Click en SalirAlq2 (956,758)
[2026-09-14 14:09:46] Click en SalirAlq (945,248)
[2026-09-14 14:09:47] [NAV] Main menu restored (Alquileres)
[2026-09-14 14:09:47] === FIN ALQUILERES ===
[2026-09-14 14:09:56] === INICIO REPARACIONES ===
[2026-09-14 14:09:57] [WATCHER] Baseline Temp\tresc (antes de navegar): 3 archivo(s)
[2026-09-14 14:09:58] Ventana '3C' detectada y activada
[2026-09-14 14:09:58] Resync: enviando Ctrl+Home
[2026-09-14 14:09:58] Click en RepVentas (407,188)
[2026-09-14 14:09:58] Click en RepReparaciones (429,349)
[2026-09-14 14:09:59] Click en RepFechaIni (967,391)
[2026-09-14 14:10:00] Click en RepActualizar (421,394)
[2026-09-14 14:10:00] Click en RepPrintAll (1451,828)
[2026-09-14 14:10:01] Click en RepImprimir (895,253)
[2026-09-14 14:10:01] Click en RepExcelFormat (941,577)
[2026-09-14 14:10:06] Exportación de reparaciones completada. Esperando Excel...
[2026-09-14 14:10:06] Esperando Excel (timeout: 30s)...
[2026-09-14 14:10:06] Excel detectado correctamente
[2026-09-14 14:10:06] [WATCHER] Directorio: C:\Users\Cesar\AppData\Local\Temp\tresc  [commandId=059c5ce2-863d-4c4c-8d34-9f4bfa2d658b module=reparaciones]
[2026-09-14 14:10:06] [WATCHER] Archivo NUEVO detectado: C:\Users\Cesar\AppData\Local\Temp\tresc\tresc7526391524738790114.xls (mtime 20260914141005)
[2026-09-14 14:10:08] [WATCHER] Tamano estable: 479232 bytes
[2026-09-14 14:10:08] [OK] Copiado y verificado en exports: C:\Users\Cesar\Desktop\operario-control\automation\..\automation-watcher\3c_exports\tresc7526391524738790114.xls (479232 bytes)
[2026-09-14 14:10:08] [WARN] No se pudo eliminar el original (se deja, no afecta): C:\Users\Cesar\AppData\Local\Temp\tresc\tresc7526391524738790114.xls
[2026-09-14 14:10:08] [WATCHER] Manifiesto escrito (OK): C:\Users\Cesar\Desktop\operario-control\automation\..\automation-watcher\3c_exports\_last_export.json
[2026-09-14 14:10:09] Click en RepSalirRep (944,257)
[2026-09-14 14:10:10] [NAV] Main menu restored (Reparaciones)
[2026-09-14 14:10:10] === FIN REPARACIONES ===
[2026-09-14 14:10:25] === INICIO REPARACIONES FACTURADAS ===
[2026-09-14 14:10:26] [WATCHER] Baseline Temp\tresc (antes de navegar): 4 archivo(s)
[2026-09-14 14:10:26] Ventana '3C' detectada y activada
[2026-09-14 14:10:26] Resync: enviando Ctrl+Home
[2026-09-14 14:10:26] Click en RepFactVentas (418,186)
[2026-09-14 14:10:27] Click en RepFactInformes (481,496)
[2026-09-14 14:10:27] Click en RepFactOrdenRep (790,575)
[2026-09-14 14:10:28] Click en RepFactFacturadas (952,608)
[2026-09-14 14:10:28] Click en RepFactDesde (632,437)
[2026-09-14 14:10:29] Click en RepFactOrdenSeleccion (685,628)
[2026-09-14 14:10:30] Click en RepFactAceptar (753,789)
[2026-09-14 14:10:32] Click en RepFactExcelFormat (949,576)
[2026-09-14 14:10:37] Exportación de reparaciones facturadas completada. Esperando Excel...
[2026-09-14 14:10:37] Esperando Excel (timeout: 30s)...
[2026-09-14 14:10:38] Excel detectado correctamente
[2026-09-14 14:10:38] [WATCHER] Directorio: C:\Users\Cesar\AppData\Local\Temp\tresc  [commandId=fa1ac8b2-33e2-4861-b5b3-d4d47a8d283e module=reparaciones_facturadas]
[2026-09-14 14:10:38] [WATCHER] Archivo NUEVO detectado: C:\Users\Cesar\AppData\Local\Temp\tresc\tresc7419082338314195682.xls (mtime 20260914141037)
[2026-09-14 14:10:39] [WATCHER] Tamano estable: 1195008 bytes
[2026-09-14 14:10:39] [OK] Copiado y verificado en exports: C:\Users\Cesar\Desktop\operario-control\automation\..\automation-watcher\3c_exports\tresc7419082338314195682.xls (1195008 bytes)
[2026-09-14 14:10:39] [WARN] No se pudo eliminar el original (se deja, no afecta): C:\Users\Cesar\AppData\Local\Temp\tresc\tresc7419082338314195682.xls
[2026-09-14 14:10:39] [WATCHER] Manifiesto escrito (OK): C:\Users\Cesar\Desktop\operario-control\automation\..\automation-watcher\3c_exports\_last_export.json
[2026-09-14 14:10:41] Click en RepFactSalir (950,254)
[2026-09-14 14:10:42] [NAV] Main menu restored (Reparaciones Facturadas)
[2026-09-14 14:10:42] === FIN REPARACIONES FACTURADAS ===
[2026-09-14 20:53:34] === INICIO STOCK ===
[2026-09-14 20:53:35] [WATCHER] Baseline Temp\tresc (antes de navegar): 0 archivo(s)
[2026-09-14 20:53:36] Ventana '3C' detectada y activada
[2026-09-14 20:53:36] Resync: enviando Ctrl+Home
[2026-09-14 20:53:36] Click en StockAlmacenes (888,189)
[2026-09-14 20:53:37] Click en StockInformes (921,370)
[2026-09-14 20:53:37] Click en StockExistencias (1105,401)
[2026-09-14 20:53:38] Click en StockDepositos (704,476)
[2026-09-14 20:53:38] Click en StockSeleccionarTodos (962,858)
[2026-09-14 20:53:39] Click en StockConsulta (440,341)
[2026-09-14 20:53:39] Click en StockAceptar (1196,902)
[2026-09-14 20:53:41] Click en StockExcel (940,575)
[2026-09-14 20:53:46] Exportación completada. Esperando Excel...
[2026-09-14 20:53:46] Esperando Excel (timeout: 30s)...
[2026-09-14 20:53:52] Excel detectado correctamente
[2026-09-14 20:53:52] [WATCHER] Directorio: C:\Users\Cesar\AppData\Local\Temp\tresc  [commandId=fd3446ef-b43d-4578-a7f7-d578b25318f4 module=stock]
[2026-09-14 20:53:52] [WATCHER] Archivo NUEVO detectado: C:\Users\Cesar\AppData\Local\Temp\tresc\tresc1212440641984484027.xls (mtime 20260914205351)
[2026-09-14 20:53:54] [WATCHER] Tamano estable: 994304 bytes
[2026-09-14 20:53:54] [OK] Copiado y verificado en exports: C:\Users\Cesar\Desktop\operario-control\automation\..\automation-watcher\3c_exports\tresc1212440641984484027.xls (994304 bytes)
[2026-09-14 20:53:54] [WARN] No se pudo eliminar el original (se deja, no afecta): C:\Users\Cesar\AppData\Local\Temp\tresc\tresc1212440641984484027.xls
[2026-09-14 20:53:54] [WATCHER] Manifiesto escrito (OK): C:\Users\Cesar\Desktop\operario-control\automation\..\automation-watcher\3c_exports\_last_export.json
[2026-09-14 20:53:55] Click en StockSalir (946,250)
[2026-09-14 20:53:56] [NAV] Main menu restored
[2026-09-14 20:53:56] === FIN STOCK ===
[2026-09-14 20:54:11] === INICIO ARTICULOS ===
[2026-09-14 20:54:12] Ventana '3C' detectada y activada
[2026-09-14 20:54:12] Resync: enviando Ctrl+Home
[2026-09-14 20:54:12] Click en ServiciosArt (1145,186)
[2026-09-14 20:54:13] Click en ArticulosMenu (1181,219)
[2026-09-14 20:54:14] Click en ArticulosLista (1288,220)
[2026-09-14 20:54:15] Click en ImprimirArt (898,253)
[2026-09-14 20:54:17] Click en Generar (948,761)
[2026-09-14 20:54:17] Click en ExcelArt (951,574)
[2026-09-14 20:54:22] Exportacion de articulos completada. Esperando Excel...
[2026-09-14 20:54:22] Esperando Excel (timeout: 30s)...
[2026-09-14 20:54:23] Excel detectado correctamente
[2026-09-14 20:54:23] [WATCHER] Directorio: C:\Users\Cesar\AppData\Local\Temp\tresc  [commandId=1a33e2f1-f7df-44c4-bb44-e1b321fe0544 module=articulos]
[2026-09-14 20:54:23] [WATCHER] Archivo NUEVO detectado: C:\Users\Cesar\AppData\Local\Temp\tresc\tresc1489581171498618961.xls (mtime 20260914205423)
[2026-09-14 20:54:25] [WATCHER] Tamano estable: 1857536 bytes
[2026-09-14 20:54:25] [OK] Copiado y verificado en exports: C:\Users\Cesar\Desktop\operario-control\automation\..\automation-watcher\3c_exports\tresc1489581171498618961.xls (1857536 bytes)
[2026-09-14 20:54:25] [WARN] No se pudo eliminar el original (se deja, no afecta): C:\Users\Cesar\AppData\Local\Temp\tresc\tresc1489581171498618961.xls
[2026-09-14 20:54:25] [WATCHER] Manifiesto escrito (OK): C:\Users\Cesar\Desktop\operario-control\automation\..\automation-watcher\3c_exports\_last_export.json
[2026-09-14 20:54:26] Click en SalirArt2 (949,762)
[2026-09-14 20:54:27] Click en SalirArt (944,253)
[2026-09-14 20:54:28] [NAV] Main menu restored (Articulos)
[2026-09-14 20:54:28] === FIN ARTICULOS ===
[2026-09-14 20:54:37] === INICIO ALQUILERES ===
[2026-09-14 20:54:38] [WATCHER] Baseline Temp\tresc (antes de navegar): 2 archivo(s)
[2026-09-14 20:54:38] Ventana '3C' detectada y activada
[2026-09-14 20:54:38] Resync: enviando Ctrl+Home
[2026-09-14 20:54:38] Click en VentasAlq (416,188)
[2026-09-14 20:54:39] Click en InformesAlq (568,500)
[2026-09-14 20:54:39] Click en Remitos (783,530)
[2026-09-14 20:54:41] Click en AlquileresPendientes (944,555)
[2026-09-14 20:54:43] Click en AceptarAlq (535,597)
[2026-09-14 20:54:49] [DIAG-PRE] Antes de ExportarExcel: ventana=3C-Informatica - Una nueva generación en Software
[2026-09-14 20:54:49] Click en ExcelFormatAlq (949,575)
[2026-09-14 20:54:54] [DIAG] Ventana activa tras ExportarExcel: class=XLMAIN title=tresc6869416609708740389  [Modo de compatibilidad] - Excel
[2026-09-14 20:54:54] [DIAG] Se abrió una ventana de EXCEL (XLMAIN)
[2026-09-14 20:54:54] [DIAG] Archivos en Temp\tresc ahora: 3
[2026-09-14 20:54:54] Exportación de alquileres completada. Esperando Excel...
[2026-09-14 20:54:54] Esperando Excel (timeout: 30s)...
[2026-09-14 20:54:54] Excel detectado correctamente
[2026-09-14 20:54:54] [WATCHER] Directorio: C:\Users\Cesar\AppData\Local\Temp\tresc  [commandId=bb511a35-42ff-4070-8335-1f7f5c350a9e module=alquileres]
[2026-09-14 20:54:54] [WATCHER] Archivo NUEVO detectado: C:\Users\Cesar\AppData\Local\Temp\tresc\tresc6869416609708740389.xls (mtime 20260914205452)
[2026-09-14 20:54:56] [WATCHER] Tamano estable: 67072 bytes
[2026-09-14 20:54:56] [OK] Copiado y verificado en exports: C:\Users\Cesar\Desktop\operario-control\automation\..\automation-watcher\3c_exports\tresc6869416609708740389.xls (67072 bytes)
[2026-09-14 20:54:56] [WARN] No se pudo eliminar el original (se deja, no afecta): C:\Users\Cesar\AppData\Local\Temp\tresc\tresc6869416609708740389.xls
[2026-09-14 20:54:56] [WATCHER] Manifiesto escrito (OK): C:\Users\Cesar\Desktop\operario-control\automation\..\automation-watcher\3c_exports\_last_export.json
[2026-09-14 20:54:57] Click en SalirAlq2 (956,758)
[2026-09-14 20:54:58] Click en SalirAlq (945,248)
[2026-09-14 20:54:59] [NAV] Main menu restored (Alquileres)
[2026-09-14 20:54:59] === FIN ALQUILERES ===
[2026-09-14 20:55:08] === INICIO REPARACIONES ===
[2026-09-14 20:55:09] [WATCHER] Baseline Temp\tresc (antes de navegar): 3 archivo(s)
[2026-09-14 20:55:10] Ventana '3C' detectada y activada
[2026-09-14 20:55:10] Resync: enviando Ctrl+Home
[2026-09-14 20:55:10] Click en RepVentas (407,188)
[2026-09-14 20:55:10] Click en RepReparaciones (429,349)
[2026-09-14 20:55:11] Click en RepFechaIni (967,391)
[2026-09-14 20:55:12] Click en RepActualizar (421,394)
[2026-09-14 20:55:12] Click en RepPrintAll (1451,828)
[2026-09-14 20:55:13] Click en RepImprimir (895,253)
[2026-09-14 20:55:13] Click en RepExcelFormat (941,577)
[2026-09-14 20:55:19] Exportación de reparaciones completada. Esperando Excel...
[2026-09-14 20:55:19] Esperando Excel (timeout: 30s)...
[2026-09-14 20:55:19] Excel detectado correctamente
[2026-09-14 20:55:19] [WATCHER] Directorio: C:\Users\Cesar\AppData\Local\Temp\tresc  [commandId=2b9065b2-cd2a-4b7a-9d88-a591bf7fd967 module=reparaciones]
[2026-09-14 20:55:19] [WATCHER] Archivo NUEVO detectado: C:\Users\Cesar\AppData\Local\Temp\tresc\tresc9207555380248080758.xls (mtime 20260914205516)
[2026-09-14 20:55:20] [WATCHER] Tamano estable: 479232 bytes
[2026-09-14 20:55:20] [OK] Copiado y verificado en exports: C:\Users\Cesar\Desktop\operario-control\automation\..\automation-watcher\3c_exports\tresc9207555380248080758.xls (479232 bytes)
[2026-09-14 20:55:20] [WARN] No se pudo eliminar el original (se deja, no afecta): C:\Users\Cesar\AppData\Local\Temp\tresc\tresc9207555380248080758.xls
[2026-09-14 20:55:20] [WATCHER] Manifiesto escrito (OK): C:\Users\Cesar\Desktop\operario-control\automation\..\automation-watcher\3c_exports\_last_export.json
[2026-09-14 20:55:21] Click en RepSalirRep (944,257)
[2026-09-14 20:55:22] [NAV] Main menu restored (Reparaciones)
[2026-09-14 20:55:22] === FIN REPARACIONES ===
[2026-09-14 20:55:42] === INICIO REPARACIONES FACTURADAS ===
[2026-09-14 20:55:43] [WATCHER] Baseline Temp\tresc (antes de navegar): 4 archivo(s)
[2026-09-14 20:55:44] Ventana '3C' detectada y activada
[2026-09-14 20:55:44] Resync: enviando Ctrl+Home
[2026-09-14 20:55:44] Click en RepFactVentas (418,186)
[2026-09-14 20:55:44] Click en RepFactInformes (481,496)
[2026-09-14 20:55:45] Click en RepFactOrdenRep (790,575)
[2026-09-14 20:55:45] Click en RepFactFacturadas (952,608)
[2026-09-14 20:55:46] Click en RepFactDesde (632,437)
[2026-09-14 20:55:47] Click en RepFactOrdenSeleccion (685,628)
[2026-09-14 20:55:47] Click en RepFactAceptar (753,789)
[2026-09-14 20:55:49] Click en RepFactExcelFormat (949,576)
[2026-09-14 20:55:54] Exportación de reparaciones facturadas completada. Esperando Excel...
[2026-09-14 20:55:54] Esperando Excel (timeout: 30s)...
[2026-09-14 20:55:55] Excel detectado correctamente
[2026-09-14 20:55:55] [WATCHER] Directorio: C:\Users\Cesar\AppData\Local\Temp\tresc  [commandId=cd915f6e-e2f5-43a7-aff8-e74765f3d403 module=reparaciones_facturadas]
[2026-09-14 20:55:55] [WATCHER] Archivo NUEVO detectado: C:\Users\Cesar\AppData\Local\Temp\tresc\tresc4755693735182028914.xls (mtime 20260914205554)
[2026-09-14 20:55:56] [WATCHER] Tamano estable: 1195520 bytes
[2026-09-14 20:55:56] [OK] Copiado y verificado en exports: C:\Users\Cesar\Desktop\operario-control\automation\..\automation-watcher\3c_exports\tresc4755693735182028914.xls (1195520 bytes)
[2026-09-14 20:55:56] [WARN] No se pudo eliminar el original (se deja, no afecta): C:\Users\Cesar\AppData\Local\Temp\tresc\tresc4755693735182028914.xls
[2026-09-14 20:55:56] [WATCHER] Manifiesto escrito (OK): C:\Users\Cesar\Desktop\operario-control\automation\..\automation-watcher\3c_exports\_last_export.json
[2026-09-14 20:55:57] Click en RepFactSalir (950,254)
[2026-09-14 20:55:58] [NAV] Main menu restored (Reparaciones Facturadas)
[2026-09-14 20:55:58] === FIN REPARACIONES FACTURADAS ===
[2026-09-14 21:00:55] === INICIO STOCK ===
[2026-09-14 21:00:56] [WATCHER] Baseline Temp\tresc (antes de navegar): 5 archivo(s)
[2026-09-14 21:00:56] Ventana '3C' detectada y activada
[2026-09-14 21:00:56] Resync: enviando Ctrl+Home
[2026-09-14 21:00:56] Click en StockAlmacenes (888,189)
[2026-09-14 21:00:57] Click en StockInformes (921,370)
[2026-09-14 21:00:57] Click en StockExistencias (1105,401)
[2026-09-14 21:00:58] Click en StockDepositos (704,476)
[2026-09-14 21:00:58] Click en StockSeleccionarTodos (962,858)
[2026-09-14 21:00:59] Click en StockConsulta (440,341)
[2026-09-14 21:00:59] Click en StockAceptar (1196,902)
[2026-09-14 21:01:01] Click en StockExcel (940,575)
[2026-09-14 21:01:06] Exportación completada. Esperando Excel...
[2026-09-14 21:01:06] Esperando Excel (timeout: 30s)...
[2026-09-14 21:01:11] Excel detectado correctamente
[2026-09-14 21:01:11] [WATCHER] Directorio: C:\Users\Cesar\AppData\Local\Temp\tresc  [commandId=auto-2026-09-15T00-00-54-157Z-stock module=stock]
[2026-09-14 21:01:11] [WATCHER] Archivo NUEVO detectado: C:\Users\Cesar\AppData\Local\Temp\tresc\tresc6631015174593159693.xls (mtime 20260914210111)
[2026-09-14 21:01:13] [WATCHER] Tamano estable: 994304 bytes
[2026-09-14 21:01:13] [OK] Copiado y verificado en exports: C:\Users\Cesar\Desktop\operario-control\automation\..\automation-watcher\3c_exports\tresc6631015174593159693.xls (994304 bytes)
[2026-09-14 21:01:13] [WARN] No se pudo eliminar el original (se deja, no afecta): C:\Users\Cesar\AppData\Local\Temp\tresc\tresc6631015174593159693.xls
[2026-09-14 21:01:13] [WATCHER] Manifiesto escrito (OK): C:\Users\Cesar\Desktop\operario-control\automation\..\automation-watcher\3c_exports\_last_export.json
[2026-09-14 21:01:14] Click en StockSalir (946,250)
[2026-09-14 21:01:15] [NAV] Main menu restored
[2026-09-14 21:01:15] === FIN STOCK ===
[2026-09-14 21:01:19] === INICIO ALQUILERES ===
[2026-09-14 21:01:20] [WATCHER] Baseline Temp\tresc (antes de navegar): 6 archivo(s)
[2026-09-14 21:01:20] Ventana '3C' detectada y activada
[2026-09-14 21:01:20] Resync: enviando Ctrl+Home
[2026-09-14 21:01:20] Click en VentasAlq (416,188)
[2026-09-14 21:01:21] Click en InformesAlq (568,500)
[2026-09-14 21:01:22] Click en Remitos (783,530)
[2026-09-14 21:01:23] Click en AlquileresPendientes (944,555)
[2026-09-14 21:01:25] Click en AceptarAlq (535,597)
[2026-09-14 21:01:32] [DIAG-PRE] Antes de ExportarExcel: ventana=3C-Informatica - Una nueva generación en Software
[2026-09-14 21:01:32] Click en ExcelFormatAlq (949,575)
[2026-09-14 21:01:37] [DIAG] Ventana activa tras ExportarExcel: class=XLMAIN title=tresc899494439951380399  [Modo de compatibilidad] - Excel
[2026-09-14 21:01:37] [DIAG] Se abrió una ventana de EXCEL (XLMAIN)
[2026-09-14 21:01:37] [DIAG] Archivos en Temp\tresc ahora: 7
[2026-09-14 21:01:37] Exportación de alquileres completada. Esperando Excel...
[2026-09-14 21:01:37] Esperando Excel (timeout: 30s)...
[2026-09-14 21:01:37] Excel detectado correctamente
[2026-09-14 21:01:37] [WATCHER] Directorio: C:\Users\Cesar\AppData\Local\Temp\tresc  [commandId=auto-2026-09-15T00-00-54-157Z-alquileres module=alquileres]
[2026-09-14 21:01:37] [WATCHER] Archivo NUEVO detectado: C:\Users\Cesar\AppData\Local\Temp\tresc\tresc899494439951380399.xls (mtime 20260914210135)
[2026-09-14 21:01:38] [WATCHER] Tamano estable: 67072 bytes
[2026-09-14 21:01:38] [OK] Copiado y verificado en exports: C:\Users\Cesar\Desktop\operario-control\automation\..\automation-watcher\3c_exports\tresc899494439951380399.xls (67072 bytes)
[2026-09-14 21:01:38] [WARN] No se pudo eliminar el original (se deja, no afecta): C:\Users\Cesar\AppData\Local\Temp\tresc\tresc899494439951380399.xls
[2026-09-14 21:01:38] [WATCHER] Manifiesto escrito (OK): C:\Users\Cesar\Desktop\operario-control\automation\..\automation-watcher\3c_exports\_last_export.json
[2026-09-14 21:01:40] Click en SalirAlq2 (956,758)
[2026-09-14 21:01:41] Click en SalirAlq (945,248)
[2026-09-14 21:01:42] [NAV] Main menu restored (Alquileres)
[2026-09-14 21:01:42] === FIN ALQUILERES ===
[2026-09-14 21:01:45] === INICIO REPARACIONES ===
[2026-09-14 21:01:46] [WATCHER] Baseline Temp\tresc (antes de navegar): 7 archivo(s)
[2026-09-14 21:01:46] Ventana '3C' detectada y activada
[2026-09-14 21:01:46] Resync: enviando Ctrl+Home
[2026-09-14 21:01:47] Click en RepVentas (407,188)
[2026-09-14 21:01:47] Click en RepReparaciones (429,349)
[2026-09-14 21:01:48] Click en RepFechaIni (967,391)
[2026-09-14 21:01:49] Click en RepActualizar (421,394)
[2026-09-14 21:01:49] Click en RepPrintAll (1451,828)
[2026-09-14 21:01:50] Click en RepImprimir (895,253)
[2026-09-14 21:01:50] Click en RepExcelFormat (941,577)
[2026-09-14 21:01:55] Exportación de reparaciones completada. Esperando Excel...
[2026-09-14 21:01:55] Esperando Excel (timeout: 30s)...
[2026-09-14 21:01:55] Excel detectado correctamente
[2026-09-14 21:01:55] [WATCHER] Directorio: C:\Users\Cesar\AppData\Local\Temp\tresc  [commandId=auto-2026-09-15T00-00-54-157Z-reparaciones module=reparaciones]
[2026-09-14 21:01:55] [WATCHER] Archivo NUEVO detectado: C:\Users\Cesar\AppData\Local\Temp\tresc\tresc6205474334295547047.xls (mtime 20260914210153)
[2026-09-14 21:01:57] [WATCHER] Tamano estable: 479232 bytes
[2026-09-14 21:01:57] [OK] Copiado y verificado en exports: C:\Users\Cesar\Desktop\operario-control\automation\..\automation-watcher\3c_exports\tresc6205474334295547047.xls (479232 bytes)
[2026-09-14 21:01:57] [WARN] No se pudo eliminar el original (se deja, no afecta): C:\Users\Cesar\AppData\Local\Temp\tresc\tresc6205474334295547047.xls
[2026-09-14 21:01:57] [WATCHER] Manifiesto escrito (OK): C:\Users\Cesar\Desktop\operario-control\automation\..\automation-watcher\3c_exports\_last_export.json
[2026-09-14 21:01:58] Click en RepSalirRep (944,257)
[2026-09-14 21:01:59] [NAV] Main menu restored (Reparaciones)
[2026-09-14 21:01:59] === FIN REPARACIONES ===
