[2026-07-18 16:03:24] === INICIO STOCK ===
[2026-07-18 16:03:26] ERROR: '3C' no encontrada
[2026-07-18 16:06:58] === INICIO STOCK ===
[2026-07-18 16:06:59] ERROR: '3C' no encontrada
[2026-07-18 14:37:39] === INICIO STOCK ===
[2026-07-18 14:37:40] ERROR: '3C' no encontrada
[2026-07-18 11:59:55] === INICIO REPARACIONES ===
[2026-07-18 11:59:56] ERROR: '3C' no encontrada
[2026-07-18 11:59:58] === INICIO STOCK ===
[2026-07-18 12:00:00] ERROR: '3C' no encontrada
[2026-07-18 12:00:01] === INICIO ALQUILERES ===
[2026-07-18 12:00:02] ERROR: '3C' no encontrada
[2026-07-18 12:00:03] === INICIO ARTICULOS ===
[2026-07-18 12:00:05] ERROR: '3C' no encontrada
[2026-07-18 15:18:04] === INICIO REPARACIONES ===
[2026-07-18 15:18:05] Ventana '3C' detectada y activada
[2026-07-18 15:18:05] Resync: enviando Ctrl+Home
[2026-07-18 15:18:05] Click en Ventas (413,188)
[2026-07-18 15:18:06] Click en Reparaciones (448,346)
[2026-07-18 15:18:07] Click en PrintAll (1450,829)
[2026-07-18 15:18:07] Click en Imprimir (896,254)
[2026-07-18 15:18:08] Click en ExcelFormat (936,577)
[2026-07-18 15:18:13] ExportaciÛn de reparaciones completada. Esperando Excel...
[2026-07-18 15:18:13] Esperando Excel (timeout: 30s)...
[2026-07-18 15:19:39] === INICIO ALQUILERES ===
[2026-07-18 15:19:40] Ventana '3C' detectada y activada
[2026-07-18 15:19:40] Resync: enviando Ctrl+Home
[2026-07-18 15:19:41] Click en Ventas (413,188)
[2026-07-18 15:19:41] Click en Informes (921,370)
[2026-07-18 15:19:42] Click en Remitos (680,531)
[2026-07-18 15:19:42] Click en AlquileresPendientes (915,559)
[2026-07-18 15:19:43] Click en Aceptar (1196,902)
[2026-07-18 15:19:45] Click en ExcelFormat (936,577)
[2026-07-18 15:19:50] ExportaciÛn de alquileres completada. Esperando Excel...
[2026-07-18 15:19:50] Esperando Excel (timeout: 30s)...
[2026-07-18 15:20:20] WARNING: Excel no detectado tras 30s
[2026-07-18 15:20:20] [WATCHER] Directorio fijo 3C: C:\Users\Cesar\AppData\Local\Temp\tresc
[2026-07-18 15:21:20] [WATCHER] TIMEOUT ó no se detectaron archivos tresc*.xls en Temp	resc
[2026-07-18 15:21:21] Click en Salir (946,250)
[2026-07-18 15:21:22] [NAV] Main menu restored (Alquileres)
[2026-07-18 15:21:22] === FIN ALQUILERES ===
[2026-07-18 15:21:32] === INICIO STOCK ===
[2026-07-18 15:21:33] Ventana '3C' detectada y activada
[2026-07-18 15:21:33] Resync: enviando Ctrl+Home
[2026-07-18 15:21:34] Click en Almacenes (888,189)
[2026-07-18 15:21:34] Click en Informes (921,370)
[2026-07-18 15:21:35] Click en Existencias (1105,401)
[2026-07-18 15:21:35] Click en Depositos (704,476)
[2026-07-18 15:21:36] Click en SeleccionarTodos (962,858)
[2026-07-18 15:21:36] Click en Consulta (440,341)
[2026-07-18 15:21:37] Click en Aceptar (1196,902)
[2026-07-18 15:21:39] Click en Excel (940,575)
[2026-07-18 15:21:44] ExportaciÛn completada. Esperando Excel...
[2026-07-18 15:21:44] Esperando Excel (timeout: 30s)...
[2026-07-18 15:21:49] Excel detectado correctamente
[2026-07-18 15:21:49] [WATCHER] Directorio fijo 3C: C:\Users\Cesar\AppData\Local\Temp\tresc
[2026-07-18 15:21:50] [WATCHER] ARCHIVO DETECTADO:
[2026-07-18 15:21:50] [WATCHER] Ruta: C:\Users\Cesar\AppData\Local\Temp\tresc\tresc8677397810930259865.xls
[2026-07-18 15:21:50] [WATCHER] Fecha: 20260718152147
[2026-07-18 15:21:50] [WATCHER] Tama√±o: 910 KB
[2026-07-18 15:21:50] [ERROR] No se pudo copiar el archivo a exports
[2026-07-18 15:21:51] Click en Salir (946,250)
[2026-07-18 15:21:52] [NAV] Main menu restored
[2026-07-18 15:21:52] === FIN STOCK ===
[2026-07-18 15:21:59] === INICIO ARTICULOS ===
[2026-07-18 15:22:00] Ventana '3C' detectada y activada
[2026-07-18 15:22:00] Resync: enviando Ctrl+Home
[2026-07-18 15:22:00] Click en ServiciosArt (1145,186)
[2026-07-18 15:22:01] Click en ArticulosMenu (1181,219)
[2026-07-18 15:22:02] Click en ArticulosLista (1288,220)
[2026-07-18 15:22:03] Click en ImprimirArt (898,253)
[2026-07-18 15:22:05] Click en Generar (948,761)
[2026-07-18 15:22:06] Click en ExcelArt (951,574)
[2026-07-18 15:22:11] Exportacion de articulos completada. Esperando Excel...
[2026-07-18 15:22:11] Esperando Excel (timeout: 30s)...
[2026-07-18 15:22:13] Excel detectado correctamente
[2026-07-18 15:22:13] [WATCHER] Directorio fijo 3C: C:\Users\Cesar\AppData\Local\Temp\tresc
[2026-07-18 15:22:14] [WATCHER] ARCHIVO DETECTADO:
[2026-07-18 15:22:14] [WATCHER] Ruta: C:\Users\Cesar\AppData\Local\Temp\tresc\tresc3846720689074216905.xls
[2026-07-18 15:22:14] [WATCHER] Fecha: 20260718152212
[2026-07-18 15:22:14] [WATCHER] Tama√±o: 1695 KB
[2026-07-18 15:22:14] [ERROR] No se pudo copiar el archivo a exports
[2026-07-18 15:22:15] Click en SalirArt2 (949,762)
[2026-07-18 15:22:15] Click en SalirArt (944,253)
[2026-07-18 15:22:16] [NAV] Main menu restored (Articulos)
[2026-07-18 15:22:16] === FIN ARTICULOS ===
[2026-07-18 15:22:58] === INICIO ALQUILERES ===
[2026-07-18 15:22:59] Ventana '3C' detectada y activada
[2026-07-18 15:22:59] Resync: enviando Ctrl+Home
[2026-07-18 15:23:00] Click en Ventas (413,188)
[2026-07-18 15:23:00] Click en Informes (921,370)
[2026-07-18 15:23:01] Click en Remitos (680,531)
[2026-07-18 15:23:01] Click en AlquileresPendientes (915,559)
[2026-07-18 15:23:02] Click en Aceptar (1196,902)
[2026-07-18 15:23:04] Click en ExcelFormat (936,577)
[2026-07-18 15:23:09] ExportaciÛn de alquileres completada. Esperando Excel...
[2026-07-18 15:23:09] Esperando Excel (timeout: 30s)...
[2026-07-18 15:23:39] WARNING: Excel no detectado tras 30s
[2026-07-18 15:23:39] [WATCHER] Directorio fijo 3C: C:\Users\Cesar\AppData\Local\Temp\tresc
[2026-07-18 15:23:40] [WATCHER] ARCHIVO DETECTADO:
[2026-07-18 15:23:40] [WATCHER] Ruta: C:\Users\Cesar\AppData\Local\Temp\tresc\tresc3846720689074216905.xls
[2026-07-18 15:23:40] [WATCHER] Fecha: 20260718152208
[2026-07-18 15:23:40] [WATCHER] Tama√±o: 1695 KB
[2026-07-18 15:23:40] [ERROR] No se pudo copiar el archivo a exports
[2026-07-18 15:23:41] Click en Salir (946,250)
[2026-07-18 15:23:42] [NAV] Main menu restored (Alquileres)
[2026-07-18 15:23:42] === FIN ALQUILERES ===
[2026-07-18 15:23:49] === INICIO REPARACIONES ===
[2026-07-18 15:23:50] Ventana '3C' detectada y activada
[2026-07-18 15:23:50] Resync: enviando Ctrl+Home
[2026-07-18 15:23:50] Click en Ventas (413,188)
[2026-07-18 15:23:51] Click en Reparaciones (448,346)
[2026-07-18 15:23:52] Click en PrintAll (1450,829)
[2026-07-18 15:23:53] Click en Imprimir (896,254)
[2026-07-18 15:23:53] Click en ExcelFormat (936,577)
[2026-07-18 15:23:58] ExportaciÛn de reparaciones completada. Esperando Excel...
[2026-07-18 15:23:58] Esperando Excel (timeout: 30s)...
[2026-07-18 15:23:58] Excel detectado correctamente
[2026-07-18 15:23:58] [WATCHER] Directorio fijo 3C: C:\Users\Cesar\AppData\Local\Temp\tresc
[2026-07-18 15:23:59] [WATCHER] ARCHIVO DETECTADO:
[2026-07-18 15:23:59] [WATCHER] Ruta: C:\Users\Cesar\AppData\Local\Temp\tresc\tresc3584420956509563610.xls
[2026-07-18 15:23:59] [WATCHER] Fecha: 20260718152358
[2026-07-18 15:23:59] [WATCHER] Tama√±o: 397 KB
[2026-07-18 15:23:59] [ERROR] No se pudo copiar el archivo a exports
[2026-07-18 15:24:01] Click en SalirRep (942,254)
[2026-07-18 15:24:02] [NAV] Main menu restored (Reparaciones)
[2026-07-18 15:24:02] === FIN REPARACIONES ===
[2026-07-18 15:24:09] === INICIO ARTICULOS ===
[2026-07-18 15:24:10] Ventana '3C' detectada y activada
[2026-07-18 15:24:10] Resync: enviando Ctrl+Home
[2026-07-18 15:24:10] Click en ServiciosArt (1145,186)
[2026-07-18 15:24:11] Click en ArticulosMenu (1181,219)
[2026-07-18 15:24:12] Click en ArticulosLista (1288,220)
[2026-07-18 15:24:13] Click en ImprimirArt (898,253)
[2026-07-18 15:24:15] Click en Generar (948,761)
[2026-07-18 15:24:16] Click en ExcelArt (951,574)
[2026-07-18 15:24:21] Exportacion de articulos completada. Esperando Excel...
[2026-07-18 15:24:21] Esperando Excel (timeout: 30s)...
[2026-07-18 15:24:22] Excel detectado correctamente
[2026-07-18 15:24:22] [WATCHER] Directorio fijo 3C: C:\Users\Cesar\AppData\Local\Temp\tresc
[2026-07-18 15:24:23] [WATCHER] ARCHIVO DETECTADO:
[2026-07-18 15:24:23] [WATCHER] Ruta: C:\Users\Cesar\AppData\Local\Temp\tresc\tresc3584420956509563610.xls
[2026-07-18 15:24:23] [WATCHER] Fecha: 20260718152355
[2026-07-18 15:24:23] [WATCHER] Tama√±o: 397 KB
[2026-07-18 15:24:23] [ERROR] No se pudo copiar el archivo a exports
[2026-07-18 15:24:24] Click en SalirArt2 (949,762)
[2026-07-18 15:24:24] Click en SalirArt (944,253)
[2026-07-18 15:24:25] [NAV] Main menu restored (Articulos)
[2026-07-18 15:24:25] === FIN ARTICULOS ===
[2026-07-18 15:24:31] === INICIO STOCK ===
[2026-07-18 15:24:32] Ventana '3C' detectada y activada
[2026-07-18 15:24:32] Resync: enviando Ctrl+Home
[2026-07-18 15:24:33] Click en Almacenes (888,189)
[2026-07-18 15:24:33] Click en Informes (921,370)
[2026-07-18 15:24:34] Click en Existencias (1105,401)
[2026-07-18 15:24:34] Click en Depositos (704,476)
[2026-07-18 15:24:35] Click en SeleccionarTodos (962,858)
[2026-07-18 15:24:35] Click en Consulta (440,341)
[2026-07-18 15:24:36] Click en Aceptar (1196,902)
[2026-07-18 15:24:38] Click en Excel (940,575)
[2026-07-18 15:24:43] ExportaciÛn completada. Esperando Excel...
[2026-07-18 15:24:43] Esperando Excel (timeout: 30s)...
[2026-07-18 15:24:46] Excel detectado correctamente
[2026-07-18 15:24:46] [WATCHER] Directorio fijo 3C: C:\Users\Cesar\AppData\Local\Temp\tresc
[2026-07-18 15:24:47] [WATCHER] ARCHIVO DETECTADO:
[2026-07-18 15:24:47] [WATCHER] Ruta: C:\Users\Cesar\AppData\Local\Temp\tresc\tresc3230739116980653796.xls
[2026-07-18 15:24:47] [WATCHER] Fecha: 20260718152445
[2026-07-18 15:24:47] [WATCHER] Tama√±o: 910 KB
[2026-07-18 15:24:47] [ERROR] No se pudo copiar el archivo a exports
[2026-07-18 15:24:48] Click en Salir (946,250)
[2026-07-18 15:24:49] [NAV] Main menu restored
[2026-07-18 15:24:49] === FIN STOCK ===
[2026-07-18 16:39:09] === INICIO STOCK ===
[2026-07-18 16:39:11] Ventana '3C' detectada y activada
[2026-07-18 16:39:11] Resync: enviando Ctrl+Home
[2026-07-18 16:39:11] Click en Almacenes (888,189)
[2026-07-18 16:39:12] Click en Informes (921,370)
[2026-07-18 16:39:12] Click en Existencias (1105,401)
[2026-07-18 16:39:13] Click en Depositos (704,476)
[2026-07-18 16:39:13] Click en SeleccionarTodos (962,858)
[2026-07-18 16:39:14] Click en Consulta (440,341)
[2026-07-18 16:39:14] Click en Aceptar (1196,902)
[2026-07-18 16:39:16] Click en Excel (940,575)
[2026-07-18 16:39:21] ExportaciÛn completada. Esperando Excel...
[2026-07-18 16:39:21] Esperando Excel (timeout: 30s)...
[2026-07-18 16:39:26] Excel detectado correctamente
[2026-07-18 16:39:26] [WATCHER] Directorio fijo 3C: C:\Users\Cesar\AppData\Local\Temp\tresc
[2026-07-18 16:39:27] [WATCHER] ARCHIVO DETECTADO:
[2026-07-18 16:39:27] [WATCHER] Ruta: C:\Users\Cesar\AppData\Local\Temp\tresc\tresc2162606542523676197.xls
[2026-07-18 16:39:27] [WATCHER] Fecha: 20260718163926
[2026-07-18 16:39:27] [WATCHER] Tama√±o: 910 KB
[2026-07-18 16:39:27] [ERROR] No se pudo copiar el archivo a exports
[2026-07-18 16:39:29] Click en Salir (946,250)
[2026-07-18 16:39:30] [NAV] Main menu restored
[2026-07-18 16:39:30] === FIN STOCK ===
[2026-07-18 16:39:44] === INICIO ALQUILERES ===
[2026-07-18 16:39:45] Ventana '3C' detectada y activada
[2026-07-18 16:39:45] Resync: enviando Ctrl+Home
[2026-07-18 16:39:45] Click en Ventas (413,188)
[2026-07-18 16:39:46] Click en Informes (921,370)
[2026-07-18 16:39:46] Click en Remitos (680,531)
[2026-07-18 16:39:47] Click en AlquileresPendientes (915,559)
[2026-07-18 16:39:48] Click en Aceptar (1196,902)
[2026-07-18 16:39:50] Click en ExcelFormat (936,577)
[2026-07-18 16:39:55] ExportaciÛn de alquileres completada. Esperando Excel...
[2026-07-18 16:39:55] Esperando Excel (timeout: 30s)...
[2026-07-18 16:40:25] WARNING: Excel no detectado tras 30s
[2026-07-18 16:40:25] [WATCHER] Directorio fijo 3C: C:\Users\Cesar\AppData\Local\Temp\tresc
[2026-07-18 16:40:26] [WATCHER] ARCHIVO DETECTADO:
[2026-07-18 16:40:26] [WATCHER] Ruta: C:\Users\Cesar\AppData\Local\Temp\tresc\tresc2162606542523676197.xls
[2026-07-18 16:40:26] [WATCHER] Fecha: 20260718163921
[2026-07-18 16:40:26] [WATCHER] Tama√±o: 910 KB
[2026-07-18 16:40:26] [ERROR] No se pudo copiar el archivo a exports
[2026-07-18 16:40:27] Click en Salir (946,250)
[2026-07-18 16:40:28] [NAV] Main menu restored (Alquileres)
[2026-07-18 16:40:28] === FIN ALQUILERES ===
[2026-07-18 16:40:35] === INICIO ARTICULOS ===
[2026-07-18 16:40:36] Ventana '3C' detectada y activada
[2026-07-18 16:40:36] Resync: enviando Ctrl+Home
[2026-07-18 16:40:36] Click en ServiciosArt (1145,186)
[2026-07-18 16:40:37] Click en ArticulosMenu (1181,219)
[2026-07-18 16:40:38] Click en ArticulosLista (1288,220)
[2026-07-18 16:40:39] Click en ImprimirArt (898,253)
[2026-07-18 16:40:41] Click en Generar (948,761)
[2026-07-18 16:40:41] Click en ExcelArt (951,574)
[2026-07-18 16:40:46] Exportacion de articulos completada. Esperando Excel...
[2026-07-18 16:40:46] Esperando Excel (timeout: 30s)...
[2026-07-18 16:40:48] Excel detectado correctamente
[2026-07-18 16:40:48] [WATCHER] Directorio fijo 3C: C:\Users\Cesar\AppData\Local\Temp\tresc
[2026-07-18 16:40:49] [WATCHER] ARCHIVO DETECTADO:
[2026-07-18 16:40:49] [WATCHER] Ruta: C:\Users\Cesar\AppData\Local\Temp\tresc\tresc2162606542523676197.xls
[2026-07-18 16:40:49] [WATCHER] Fecha: 20260718163921
[2026-07-18 16:40:50] [WATCHER] Tama√±o: 910 KB
[2026-07-18 16:40:50] [ERROR] No se pudo copiar el archivo a exports
[2026-07-18 16:40:51] Click en SalirArt2 (949,762)
[2026-07-18 16:40:51] Click en SalirArt (944,253)
[2026-07-18 16:40:52] [NAV] Main menu restored (Articulos)
[2026-07-18 16:40:52] === FIN ARTICULOS ===
[2026-07-18 16:40:58] === INICIO REPARACIONES ===
[2026-07-18 16:41:00] Ventana '3C' detectada y activada
[2026-07-18 16:41:00] Resync: enviando Ctrl+Home
[2026-07-18 16:41:00] Click en Ventas (413,188)
[2026-07-18 16:41:01] Click en Reparaciones (448,346)
[2026-07-18 16:41:02] Click en PrintAll (1450,829)
[2026-07-18 16:41:02] Click en Imprimir (896,254)
[2026-07-18 16:41:03] Click en ExcelFormat (936,577)
[2026-07-18 16:41:08] ExportaciÛn de reparaciones completada. Esperando Excel...
[2026-07-18 16:41:08] Esperando Excel (timeout: 30s)...
[2026-07-18 16:41:08] Excel detectado correctamente
[2026-07-18 16:41:08] [WATCHER] Directorio fijo 3C: C:\Users\Cesar\AppData\Local\Temp\tresc
[2026-07-18 16:41:09] [WATCHER] ARCHIVO DETECTADO:
[2026-07-18 16:41:09] [WATCHER] Ruta: C:\Users\Cesar\AppData\Local\Temp\tresc\tresc2162606542523676197.xls
[2026-07-18 16:41:09] [WATCHER] Fecha: 20260718163921
[2026-07-18 16:41:09] [WATCHER] Tama√±o: 910 KB
[2026-07-18 16:41:09] [ERROR] No se pudo copiar el archivo a exports
[2026-07-18 16:41:10] Click en SalirRep (942,254)
[2026-07-18 16:41:11] [NAV] Main menu restored (Reparaciones)
[2026-07-18 16:41:11] === FIN REPARACIONES ===
