[2026-09-09 12:00:24] === INICIO STOCK ===
[2026-09-09 12:00:25] === INICIO STOCK ===
[2026-09-09 12:00:25] [WATCHER] Baseline Temp\tresc (antes de navegar): 0 archivo(s)
[2026-09-09 12:00:26] [WATCHER] Baseline Temp\tresc (antes de navegar): 0 archivo(s)
[2026-09-09 12:00:26] Ventana '3C' detectada y activada
[2026-09-09 12:00:26] Resync: enviando Ctrl+Home
[2026-09-09 12:00:26] Ventana '3C' detectada y activada
[2026-09-09 12:00:26] Resync: enviando Ctrl+Home
[2026-09-09 12:00:26] Click en StockAlmacenes (888,189)
[2026-09-09 12:00:26] Click en StockAlmacenes (888,189)
[2026-09-09 12:00:27] Click en StockInformes (921,370)
[2026-09-09 12:00:27] [ERROR] (32) El proceso no tiene acceso al archivo porque está siendo utilizado por otro proceso.
[2026-09-09 12:00:27] === FIN STOCK ===
[2026-09-09 12:00:27] Click en StockExistencias (1105,401)
[2026-09-09 12:00:28] Click en StockDepositos (704,476)
[2026-09-09 12:00:28] Click en StockSeleccionarTodos (962,858)
[2026-09-09 12:00:29] Click en StockConsulta (440,341)
[2026-09-09 12:00:29] Click en StockAceptar (1196,902)
[2026-09-09 12:00:31] Click en StockExcel (940,575)
[2026-09-09 12:00:36] Exportación completada. Esperando Excel...
[2026-09-09 12:00:36] Esperando Excel (timeout: 30s)...
[2026-09-09 12:00:38] === INICIO ALQUILERES ===
[2026-09-09 12:00:39] [WATCHER] Baseline Temp\tresc (antes de navegar): 0 archivo(s)
[2026-09-09 12:00:39] Ventana '3C' detectada y activada
[2026-09-09 12:00:39] Resync: enviando Ctrl+Home
[2026-09-09 12:00:39] Click en VentasAlq (416,188)
[2026-09-09 12:00:40] Click en InformesAlq (568,500)
[2026-09-09 12:00:40] Click en Remitos (783,530)
[2026-09-09 12:00:42] Click en AlquileresPendientes (944,555)
[2026-09-09 12:00:44] Click en AceptarAlq (535,597)
[2026-09-09 12:00:50] [DIAG-PRE] Antes de ExportarExcel: ventana=3C-Informatica - Una nueva generación en Software
[2026-09-09 12:00:50] Click en ExcelFormatAlq (949,575)
[2026-09-09 12:00:55] [DIAG] Ventana activa tras ExportarExcel: class=SunAwtFrame title=3C-Informatica - Una nueva generación en Software
[2026-09-09 12:00:55] [DIAG] Archivos en Temp\tresc ahora: 0
[2026-09-09 12:00:55] Exportación de alquileres completada. Esperando Excel...
[2026-09-09 12:00:55] Esperando Excel (timeout: 30s)...
[2026-09-09 12:01:06] WARNING: Excel no detectado tras 30s
[2026-09-09 12:01:06] [WATCHER] Directorio: C:\Users\Cesar\AppData\Local\Temp\tresc  [commandId=auto-2026-09-09T15-00-23-790Z-stock module=stock]
[2026-09-09 12:01:25] WARNING: Excel no detectado tras 30s
[2026-09-09 12:01:25] [WATCHER] Directorio: C:\Users\Cesar\AppData\Local\Temp\tresc  [commandId=auto-2026-09-09T15-00-23-798Z-alquileres module=alquileres]
[2026-09-09 12:02:06] [WATCHER TIMEOUT] No se detecto un archivo NUEVO en C:\Users\Cesar\AppData\Local\Temp\tresc tras 60s (baseline=0)
[2026-09-09 12:02:06] [WATCHER] Manifiesto escrito (EXPORT_NOT_FOUND): C:\Users\Cesar\Desktop\operario-control\automation\..\automation-watcher\3c_exports\_last_export.json
[2026-09-09 12:02:07] Click en StockSalir (946,250)
[2026-09-09 12:02:08] [NAV] Main menu restored
[2026-09-09 12:02:08] === FIN STOCK ===
[2026-09-09 12:02:19] === INICIO ALQUILERES ===
[2026-09-09 12:02:20] [WATCHER] Baseline Temp\tresc (antes de navegar): 0 archivo(s)
[2026-09-09 12:02:20] Ventana '3C' detectada y activada
[2026-09-09 12:02:20] Resync: enviando Ctrl+Home
[2026-09-09 12:02:21] Click en VentasAlq (416,188)
[2026-09-09 12:02:21] Click en InformesAlq (568,500)
[2026-09-09 12:02:22] Click en Remitos (783,530)
[2026-09-09 12:02:24] Click en AlquileresPendientes (944,555)
[2026-09-09 12:02:25] Click en AceptarAlq (535,597)
[2026-09-09 12:02:30] === INICIO REPARACIONES ===
[2026-09-09 12:02:31] [WATCHER] Baseline Temp\tresc (antes de navegar): 0 archivo(s)
[2026-09-09 12:02:31] Ventana '3C' detectada y activada
[2026-09-09 12:02:31] Resync: enviando Ctrl+Home
[2026-09-09 12:02:32] Click en RepVentas (407,188)
[2026-09-09 12:02:32] [DIAG-PRE] Antes de ExportarExcel: ventana=3C-Informatica - Una nueva generación en Software
[2026-09-09 12:02:32] Click en ExcelFormatAlq (949,575)
[2026-09-09 12:02:32] Click en RepReparaciones (429,349)
[2026-09-09 12:02:33] Click en RepFechaIni (967,391)
[2026-09-09 12:02:34] Click en RepActualizar (421,394)
[2026-09-09 12:02:34] Click en RepPrintAll (1451,828)
[2026-09-09 12:02:35] Click en RepExcelItems (1452,866)
[2026-09-09 12:02:35] Click en RepImprimir (895,253)
[2026-09-09 12:02:36] Click en RepExcelFormat (941,577)
[2026-09-09 12:02:37] [DIAG] Ventana activa tras ExportarExcel: class=SunAwtFrame title=3C-Informatica - Una nueva generación en Software
[2026-09-09 12:02:37] [DIAG] Archivos en Temp\tresc ahora: 0
[2026-09-09 12:02:37] Exportación de alquileres completada. Esperando Excel...
[2026-09-09 12:02:37] Esperando Excel (timeout: 30s)...
[2026-09-09 12:02:41] Exportación de reparaciones completada. Esperando Excel...
[2026-09-09 12:02:41] Esperando Excel (timeout: 30s)...
[2026-09-09 12:03:07] WARNING: Excel no detectado tras 30s
[2026-09-09 12:03:07] [WATCHER] Directorio: C:\Users\Cesar\AppData\Local\Temp\tresc  [commandId=auto-2026-09-09T15-00-23-790Z-alquileres module=alquileres]
[2026-09-09 12:03:11] WARNING: Excel no detectado tras 30s
[2026-09-09 12:03:11] [WATCHER] Directorio: C:\Users\Cesar\AppData\Local\Temp\tresc  [commandId=auto-2026-09-09T15-00-23-798Z-reparaciones module=reparaciones]
[2026-09-09 12:04:07] [WATCHER TIMEOUT] No se detecto un archivo NUEVO en C:\Users\Cesar\AppData\Local\Temp\tresc tras 60s (baseline=0)
[2026-09-09 12:04:07] [WATCHER] Manifiesto escrito (EXPORT_NOT_FOUND): C:\Users\Cesar\Desktop\operario-control\automation\..\automation-watcher\3c_exports\_last_export.json
[2026-09-09 12:04:08] Click en SalirAlq2 (956,758)
[2026-09-09 12:04:09] Click en SalirAlq (945,248)
[2026-09-09 12:04:10] [NAV] Main menu restored (Alquileres)
[2026-09-09 12:04:10] === FIN ALQUILERES ===
[2026-09-09 12:04:11] [WATCHER TIMEOUT] No se detecto un archivo NUEVO en C:\Users\Cesar\AppData\Local\Temp\tresc tras 60s (baseline=0)
[2026-09-09 12:04:11] [WATCHER] Manifiesto escrito (EXPORT_NOT_FOUND): C:\Users\Cesar\Desktop\operario-control\automation\..\automation-watcher\3c_exports\_last_export.json
[2026-09-09 12:04:12] Click en RepSalirRep (944,257)
[2026-09-09 12:04:13] [NAV] Main menu restored (Reparaciones)
[2026-09-09 12:04:13] === FIN REPARACIONES ===
[2026-09-09 12:04:21] === INICIO REPARACIONES ===
[2026-09-09 12:04:22] [WATCHER] Baseline Temp\tresc (antes de navegar): 0 archivo(s)
[2026-09-09 12:04:23] Ventana '3C' detectada y activada
[2026-09-09 12:04:23] Resync: enviando Ctrl+Home
[2026-09-09 12:04:23] Click en RepVentas (407,188)
[2026-09-09 12:04:23] Click en RepReparaciones (429,349)
[2026-09-09 12:04:24] Click en RepFechaIni (967,391)
[2026-09-09 12:04:25] Click en RepActualizar (421,394)
[2026-09-09 12:04:25] Click en RepPrintAll (1451,828)
[2026-09-09 12:04:26] Click en RepExcelItems (1452,866)
[2026-09-09 12:04:26] Click en RepImprimir (895,253)
[2026-09-09 12:04:27] Click en RepExcelFormat (941,577)
[2026-09-09 12:04:32] Exportación de reparaciones completada. Esperando Excel...
[2026-09-09 12:04:32] Esperando Excel (timeout: 30s)...
[2026-09-09 12:05:02] WARNING: Excel no detectado tras 30s
[2026-09-09 12:05:02] [WATCHER] Directorio: C:\Users\Cesar\AppData\Local\Temp\tresc  [commandId=auto-2026-09-09T15-00-23-790Z-reparaciones module=reparaciones]
[2026-09-09 12:06:02] [WATCHER TIMEOUT] No se detecto un archivo NUEVO en C:\Users\Cesar\AppData\Local\Temp\tresc tras 60s (baseline=0)
[2026-09-09 12:06:02] [WATCHER] Manifiesto escrito (EXPORT_NOT_FOUND): C:\Users\Cesar\Desktop\operario-control\automation\..\automation-watcher\3c_exports\_last_export.json
[2026-09-09 12:06:03] Click en RepSalirRep (944,257)
[2026-09-09 12:06:04] [NAV] Main menu restored (Reparaciones)
[2026-09-09 12:06:04] === FIN REPARACIONES ===
[2026-09-09 15:00:25] === INICIO STOCK ===
[2026-09-09 15:00:25] === INICIO STOCK ===
[2026-09-09 15:00:26] [WATCHER] Baseline Temp\tresc (antes de navegar): 0 archivo(s)
[2026-09-09 15:00:26] Ventana '3C' detectada y activada
[2026-09-09 15:00:26] Resync: enviando Ctrl+Home
[2026-09-09 15:00:27] Click en StockAlmacenes (888,189)
[2026-09-09 15:00:27] Click en StockInformes (921,370)
[2026-09-09 15:00:28] Click en StockExistencias (1105,401)
[2026-09-09 15:00:28] Click en StockDepositos (704,476)
[2026-09-09 15:00:29] Click en StockSeleccionarTodos (962,858)
[2026-09-09 15:00:29] Click en StockConsulta (440,341)
[2026-09-09 15:00:30] Click en StockAceptar (1196,902)
[2026-09-09 15:00:32] Click en StockExcel (940,575)
[2026-09-09 15:00:36] === INICIO ALQUILERES ===
[2026-09-09 15:00:37] Exportación completada. Esperando Excel...
[2026-09-09 15:00:37] Esperando Excel (timeout: 30s)...
[2026-09-09 15:00:37] [WATCHER] Baseline Temp\tresc (antes de navegar): 1 archivo(s)
[2026-09-09 15:00:37] Ventana '3C' detectada y activada
[2026-09-09 15:00:37] Resync: enviando Ctrl+Home
[2026-09-09 15:00:38] Click en VentasAlq (416,188)
[2026-09-09 15:00:38] Click en InformesAlq (568,500)
[2026-09-09 15:00:39] Click en Remitos (783,530)
[2026-09-09 15:00:41] ERROR: Ventana '3C' perdio el foco
[2026-09-09 15:00:42] Excel detectado correctamente
[2026-09-09 15:00:42] [WATCHER] Directorio: C:\Users\Cesar\AppData\Local\Temp\tresc  [commandId=auto-2026-09-09T18-00-24-828Z-stock module=stock]
[2026-09-09 15:00:42] [WATCHER] Archivo NUEVO detectado: C:\Users\Cesar\AppData\Local\Temp\tresc\tresc6236857053891045686.xls (mtime 20260909150041)
[2026-09-09 15:00:43] [WATCHER] Tamano estable: 992768 bytes
[2026-09-09 15:00:43] [OK] Copiado y verificado en exports: C:\Users\Cesar\Desktop\operario-control\automation\..\automation-watcher\3c_exports\tresc6236857053891045686.xls (992768 bytes)
[2026-09-09 15:00:43] [WARN] No se pudo eliminar el original (se deja, no afecta): C:\Users\Cesar\AppData\Local\Temp\tresc\tresc6236857053891045686.xls
[2026-09-09 15:00:43] [WATCHER] Manifiesto escrito (OK): C:\Users\Cesar\Desktop\operario-control\automation\..\automation-watcher\3c_exports\_last_export.json
[2026-09-09 15:00:45] Click en StockSalir (946,250)
[2026-09-09 15:00:46] [NAV] Main menu restored
[2026-09-09 15:00:46] === FIN STOCK ===
[2026-09-09 15:00:57] === INICIO REPARACIONES ===
[2026-09-09 15:00:58] [WATCHER] Baseline Temp\tresc (antes de navegar): 1 archivo(s)
[2026-09-09 15:00:58] Ventana '3C' detectada y activada
[2026-09-09 15:00:58] Resync: enviando Ctrl+Home
[2026-09-09 15:00:58] Click en RepVentas (407,188)
[2026-09-09 15:00:59] Click en RepReparaciones (429,349)
[2026-09-09 15:00:59] Click en RepFechaIni (967,391)
[2026-09-09 15:01:00] Click en RepActualizar (421,394)
[2026-09-09 15:01:01] Click en RepPrintAll (1451,828)
[2026-09-09 15:01:01] Click en RepExcelItems (1452,866)
[2026-09-09 15:01:02] Click en RepImprimir (895,253)
[2026-09-09 15:01:02] Click en RepExcelFormat (941,577)
[2026-09-09 15:01:03] === INICIO ALQUILERES ===
[2026-09-09 15:01:04] [WATCHER] Baseline Temp\tresc (antes de navegar): 2 archivo(s)
[2026-09-09 15:01:04] Ventana '3C' detectada y activada
[2026-09-09 15:01:04] Resync: enviando Ctrl+Home
[2026-09-09 15:01:04] Click en VentasAlq (416,188)
[2026-09-09 15:01:05] Click en InformesAlq (568,500)
[2026-09-09 15:01:05] Click en Remitos (783,530)
[2026-09-09 15:01:07] ERROR: Ventana '3C' perdio el foco
[2026-09-09 15:01:07] Exportación de reparaciones completada. Esperando Excel...
[2026-09-09 15:01:07] Esperando Excel (timeout: 30s)...
[2026-09-09 15:01:07] Excel detectado correctamente
[2026-09-09 15:01:07] [WATCHER] Directorio: C:\Users\Cesar\AppData\Local\Temp\tresc  [commandId=auto-2026-09-09T18-00-24-825Z-reparaciones module=reparaciones]
[2026-09-09 15:01:07] [WATCHER] Archivo NUEVO detectado: C:\Users\Cesar\AppData\Local\Temp\tresc\tresc5865379784401229955.xls (mtime 20260909150106)
[2026-09-09 15:01:09] [WATCHER] Tamano estable: 1017856 bytes
[2026-09-09 15:01:09] [OK] Copiado y verificado en exports: C:\Users\Cesar\Desktop\operario-control\automation\..\automation-watcher\3c_exports\tresc5865379784401229955.xls (1017856 bytes)
[2026-09-09 15:01:09] [WARN] No se pudo eliminar el original (se deja, no afecta): C:\Users\Cesar\AppData\Local\Temp\tresc\tresc5865379784401229955.xls
[2026-09-09 15:01:09] [WATCHER] Manifiesto escrito (OK): C:\Users\Cesar\Desktop\operario-control\automation\..\automation-watcher\3c_exports\_last_export.json
[2026-09-09 15:01:10] Click en RepSalirRep (944,257)
[2026-09-09 15:01:11] [NAV] Main menu restored (Reparaciones)
[2026-09-09 15:01:11] === FIN REPARACIONES ===
[2026-09-09 15:01:13] === INICIO REPARACIONES ===
[2026-09-09 15:01:14] [WATCHER] Baseline Temp\tresc (antes de navegar): 2 archivo(s)
[2026-09-09 15:01:14] Ventana '3C' detectada y activada
[2026-09-09 15:01:14] Resync: enviando Ctrl+Home
[2026-09-09 15:01:15] Click en RepVentas (407,188)
[2026-09-09 15:01:15] Click en RepReparaciones (429,349)
[2026-09-09 15:01:16] Click en RepFechaIni (967,391)
[2026-09-09 15:01:17] Click en RepActualizar (421,394)
[2026-09-09 15:01:17] Click en RepPrintAll (1451,828)
[2026-09-09 15:01:18] Click en RepExcelItems (1452,866)
[2026-09-09 15:01:18] Click en RepImprimir (895,253)
[2026-09-09 15:01:19] Click en RepExcelFormat (941,577)
[2026-09-09 15:01:24] Exportación de reparaciones completada. Esperando Excel...
[2026-09-09 15:01:24] Esperando Excel (timeout: 30s)...
[2026-09-09 15:01:24] Excel detectado correctamente
[2026-09-09 15:01:24] [WATCHER] Directorio: C:\Users\Cesar\AppData\Local\Temp\tresc  [commandId=auto-2026-09-09T18-00-24-828Z-reparaciones module=reparaciones]
[2026-09-09 15:01:24] [WATCHER] Archivo NUEVO detectado: C:\Users\Cesar\AppData\Local\Temp\tresc\tresc5202693814958047063.xls (mtime 20260909150122)
[2026-09-09 15:01:25] [WATCHER] Tamano estable: 1017856 bytes
[2026-09-09 15:01:25] [OK] Copiado y verificado en exports: C:\Users\Cesar\Desktop\operario-control\automation\..\automation-watcher\3c_exports\tresc5202693814958047063.xls (1017856 bytes)
[2026-09-09 15:01:25] [WARN] No se pudo eliminar el original (se deja, no afecta): C:\Users\Cesar\AppData\Local\Temp\tresc\tresc5202693814958047063.xls
[2026-09-09 15:01:25] [WATCHER] Manifiesto escrito (OK): C:\Users\Cesar\Desktop\operario-control\automation\..\automation-watcher\3c_exports\_last_export.json
[2026-09-09 15:01:27] Click en RepSalirRep (944,257)
[2026-09-09 15:01:28] [NAV] Main menu restored (Reparaciones)
[2026-09-09 15:01:28] === FIN REPARACIONES ===
[2026-09-09 17:00:27] === INICIO STOCK ===
[2026-09-09 17:00:28] [WATCHER] Baseline Temp\tresc (antes de navegar): 4 archivo(s)
[2026-09-09 17:00:28] Ventana '3C' detectada y activada
[2026-09-09 17:00:28] Resync: enviando Ctrl+Home
[2026-09-09 17:00:28] Click en StockAlmacenes (888,189)
[2026-09-09 17:00:29] Click en StockInformes (921,370)
[2026-09-09 17:00:29] Click en StockExistencias (1105,401)
[2026-09-09 17:00:30] Click en StockDepositos (704,476)
[2026-09-09 17:00:30] Click en StockSeleccionarTodos (962,858)
[2026-09-09 17:00:31] Click en StockConsulta (440,341)
[2026-09-09 17:00:31] Click en StockAceptar (1196,902)
[2026-09-09 17:00:33] Click en StockExcel (940,575)
[2026-09-09 17:00:38] Exportación completada. Esperando Excel...
[2026-09-09 17:00:38] Esperando Excel (timeout: 30s)...
[2026-09-09 17:01:08] WARNING: Excel no detectado tras 30s
[2026-09-09 17:01:08] [WATCHER] Directorio: C:\Users\Cesar\AppData\Local\Temp\tresc  [commandId=auto-2026-09-09T20-00-26-287Z-stock module=stock]
[2026-09-09 17:02:08] [WATCHER TIMEOUT] No se detecto un archivo NUEVO en C:\Users\Cesar\AppData\Local\Temp\tresc tras 60s (baseline=4)
[2026-09-09 17:02:08] [WATCHER] Manifiesto escrito (EXPORT_NOT_FOUND): C:\Users\Cesar\Desktop\operario-control\automation\..\automation-watcher\3c_exports\_last_export.json
[2026-09-09 17:02:09] Click en StockSalir (946,250)
[2026-09-09 17:02:10] [NAV] Main menu restored
[2026-09-09 17:02:10] === FIN STOCK ===
[2026-09-09 17:02:21] === INICIO ALQUILERES ===
[2026-09-09 17:02:22] [WATCHER] Baseline Temp\tresc (antes de navegar): 0 archivo(s)
[2026-09-09 17:02:22] ERROR: '3C' no encontrada
[2026-09-09 17:02:27] === INICIO ALQUILERES ===
[2026-09-09 17:02:28] [WATCHER] Baseline Temp\tresc (antes de navegar): 0 archivo(s)
[2026-09-09 17:02:28] ERROR: '3C' no encontrada
[2026-09-09 17:02:33] === INICIO REPARACIONES ===
[2026-09-09 17:02:34] [WATCHER] Baseline Temp\tresc (antes de navegar): 0 archivo(s)
[2026-09-09 17:02:34] ERROR: '3C' no encontrada
